// Jest Snapshot v1, https://goo.gl/fbAQLP

exports[`renders without crashing 1`] = `
<button
  className="rounded px-4 py-2 text-white bg-blue-500"
  type="button"
>
  Click Me!
</button>
`;
