// Jest Snapshot v1, https://goo.gl/fbAQLP

exports[`renders without crashing 1`] = `
<ul>
  <li>
    Test 1
     - 
    $49.99
  </li>
</ul>
`;
